// Vitest Snapshot v1, https://vitest.dev/guide/snapshot.html

exports[`Leaderboard Component > should render leaderboard and match snapshot 1`] = `
<div>
  <div
    class="leaderboard-container"
  >
    <h1>
      Leaderboard
    </h1>
    <div
      class="leaderboard"
    >
      <div
        class="leaderboard-item"
      >
        <div
          class="rank"
        >
          1
        </div>
        <div
          class="avatar-wrapper"
        >
          <img
            alt="Sarah Edo"
            class="avatar"
            src="https://api.realworld.io/images/avatars/1.jpg"
          />
          <div
            class="avatar-fallback"
            style="display: none;"
          >
            SE
          </div>
        </div>
        <div
          class="user-info"
        >
          <h3>
            Sarah Edo
          </h3>
          <p
            class="user-id"
          >
            @
            sarahedo
          </p>
        </div>
        <div
          class="stats"
        >
          <div
            class="stat"
          >
            <span
              class="stat-label"
            >
              Answered
            </span>
            <span
              class="stat-value"
            >
              3
            </span>
          </div>
          <div
            class="stat"
          >
            <span
              class="stat-label"
            >
              Created
            </span>
            <span
              class="stat-value"
            >
              2
            </span>
          </div>
        </div>
        <div
          class="score"
        >
          <span
            class="score-label"
          >
            Score
          </span>
          <span
            class="score-value"
          >
            5
          </span>
        </div>
      </div>
      <div
        class="leaderboard-item"
      >
        <div
          class="rank"
        >
          2
        </div>
        <div
          class="avatar-wrapper"
        >
          <img
            alt="Tyler McGinnis"
            class="avatar"
            src="https://api.realworld.io/images/avatars/2.jpg"
          />
          <div
            class="avatar-fallback"
            style="display: none;"
          >
            TM
          </div>
        </div>
        <div
          class="user-info"
        >
          <h3>
            Tyler McGinnis
          </h3>
          <p
            class="user-id"
          >
            @
            tylermcginnis
          </p>
        </div>
        <div
          class="stats"
        >
          <div
            class="stat"
          >
            <span
              class="stat-label"
            >
              Answered
            </span>
            <span
              class="stat-value"
            >
              1
            </span>
          </div>
          <div
            class="stat"
          >
            <span
              class="stat-label"
            >
              Created
            </span>
            <span
              class="stat-value"
            >
              1
            </span>
          </div>
        </div>
        <div
          class="score"
        >
          <span
            class="score-label"
          >
            Score
          </span>
          <span
            class="score-value"
          >
            2
          </span>
        </div>
      </div>
    </div>
  </div>
</div>
`;
